// Jest Snapshot v1, https://goo.gl/fbAQLP

exports[`FeaturedSideNews Component renders without crashing 1`] = `
ShallowWrapper {
  Symbol(enzyme.__root__): [Circular],
  Symbol(enzyme.__unrendered__): <_default
    featured={
      Object {
        "author": "test",
        "id": 1,
        "title": "test title",
        "visual_news": Array [
          Object {
            "image_file": "abi.jpg",
            "image_type": "size450x330",
          },
          Object {
            "image_file": "abi.jpg",
            "image_type": "size950x330",
          },
        ],
      }
    }
  />,
  Symbol(enzyme.__renderer__): Object {
    "batchedUpdates": [Function],
    "getNode": [Function],
    "render": [Function],
    "simulateError": [Function],
    "simulateEvent": [Function],
    "unmount": [Function],
  },
  Symbol(enzyme.__node__): Object {
    "instance": null,
    "key": undefined,
    "nodeType": "host",
    "props": Object {
      "children": Array [
        Array [
          <img
            alt=""
            height="330"
            src="abi.jpg"
            width="450"
          />,
          false,
        ],
        <FeaturedSideNewsTagList />,
        <FeaturedSideNewsCaption
          author="test"
          title="test title"
        />,
      ],
      "className": "post-type-1",
    },
    "ref": null,
    "rendered": Array [
      Object {
        "instance": null,
        "key": "0",
        "nodeType": "host",
        "props": Object {
          "alt": "",
          "height": "330",
          "src": "abi.jpg",
          "width": "450",
        },
        "ref": null,
        "rendered": null,
        "type": "img",
      },
      false,
      Object {
        "instance": null,
        "key": undefined,
        "nodeType": "function",
        "props": Object {},
        "ref": null,
        "rendered": null,
        "type": [Function],
      },
      Object {
        "instance": null,
        "key": undefined,
        "nodeType": "function",
        "props": Object {
          "author": "test",
          "title": "test title",
        },
        "ref": null,
        "rendered": null,
        "type": [Function],
      },
    ],
    "type": "div",
  },
  Symbol(enzyme.__nodes__): Array [
    Object {
      "instance": null,
      "key": undefined,
      "nodeType": "host",
      "props": Object {
        "children": Array [
          Array [
            <img
              alt=""
              height="330"
              src="abi.jpg"
              width="450"
            />,
            false,
          ],
          <FeaturedSideNewsTagList />,
          <FeaturedSideNewsCaption
            author="test"
            title="test title"
          />,
        ],
        "className": "post-type-1",
      },
      "ref": null,
      "rendered": Array [
        Object {
          "instance": null,
          "key": "0",
          "nodeType": "host",
          "props": Object {
            "alt": "",
            "height": "330",
            "src": "abi.jpg",
            "width": "450",
          },
          "ref": null,
          "rendered": null,
          "type": "img",
        },
        false,
        Object {
          "instance": null,
          "key": undefined,
          "nodeType": "function",
          "props": Object {},
          "ref": null,
          "rendered": null,
          "type": [Function],
        },
        Object {
          "instance": null,
          "key": undefined,
          "nodeType": "function",
          "props": Object {
            "author": "test",
            "title": "test title",
          },
          "ref": null,
          "rendered": null,
          "type": [Function],
        },
      ],
      "type": "div",
    },
  ],
  Symbol(enzyme.__options__): Object {
    "adapter": ReactSixteenAdapter {
      "options": Object {
        "enableComponentDidUpdateOnSetState": true,
        "lifecycles": Object {
          "componentDidUpdate": Object {
            "onSetState": true,
          },
          "getDerivedStateFromProps": true,
          "getSnapshotBeforeUpdate": true,
          "setState": Object {
            "skipsComponentDidUpdateOnNullish": true,
          },
        },
      },
    },
  },
}
`;
