// Jest Snapshot v1, https://goo.gl/fbAQLP

exports[`WorldSection Component renders without crashing 1`] = `
ShallowWrapper {
  Symbol(enzyme.__root__): [Circular],
  Symbol(enzyme.__unrendered__): <WorldSection />,
  Symbol(enzyme.__renderer__): Object {
    "batchedUpdates": [Function],
    "getNode": [Function],
    "render": [Function],
    "simulateError": [Function],
    "simulateEvent": [Function],
    "unmount": [Function],
  },
  Symbol(enzyme.__node__): Object {
    "instance": null,
    "key": undefined,
    "nodeType": "host",
    "props": Object {
      "children": <div
        className="shell"
      >
        <div
          className="range"
        >
          <div
            className="cell-xs-12"
          >
            <div
              className="section-title"
            >
              <h3>
                World
              </h3>
              <div
                className="isotope-filters isotope-filters-horizontal"
              >
                <button
                  className="isotope-filters-toggle isotope-filters-toggle-1 button"
                  data-custom-toggle="#isotope-filters"
                  data-custom-toggle-disable-on-blur="true"
                >
                  Filter
                  <span
                    className="caret"
                  />
                </button>
                <WorldSectionLinks
                  changeSection={[Function]}
                />
              </div>
            </div>
          </div>
          <WorldSectionNews
            activeNews={
              Array [
                Object {
                  "author": "Jon Snow",
                  "date": "28-01-2019",
                  "description": "this is the description",
                  "id": 8,
                  "section": "World",
                  "title": "news title1",
                },
                Object {
                  "author": "Jon Snow",
                  "date": "28-01-2019",
                  "description": "this is the description",
                  "id": 9,
                  "section": "World",
                  "title": "news title2",
                },
                Object {
                  "author": "Jon Snow",
                  "date": "28-01-2019",
                  "description": "this is the description",
                  "id": 10,
                  "section": "World",
                  "title": "news title3",
                },
                Object {
                  "author": "Jon Snow",
                  "date": "28-01-2019",
                  "description": "this is the description",
                  "id": 11,
                  "section": "World",
                  "title": "news Business",
                },
              ]
            }
          />
        </div>
      </div>,
      "className": "section-sm bg-white",
    },
    "ref": null,
    "rendered": Object {
      "instance": null,
      "key": undefined,
      "nodeType": "host",
      "props": Object {
        "children": <div
          className="range"
        >
          <div
            className="cell-xs-12"
          >
            <div
              className="section-title"
            >
              <h3>
                World
              </h3>
              <div
                className="isotope-filters isotope-filters-horizontal"
              >
                <button
                  className="isotope-filters-toggle isotope-filters-toggle-1 button"
                  data-custom-toggle="#isotope-filters"
                  data-custom-toggle-disable-on-blur="true"
                >
                  Filter
                  <span
                    className="caret"
                  />
                </button>
                <WorldSectionLinks
                  changeSection={[Function]}
                />
              </div>
            </div>
          </div>
          <WorldSectionNews
            activeNews={
              Array [
                Object {
                  "author": "Jon Snow",
                  "date": "28-01-2019",
                  "description": "this is the description",
                  "id": 8,
                  "section": "World",
                  "title": "news title1",
                },
                Object {
                  "author": "Jon Snow",
                  "date": "28-01-2019",
                  "description": "this is the description",
                  "id": 9,
                  "section": "World",
                  "title": "news title2",
                },
                Object {
                  "author": "Jon Snow",
                  "date": "28-01-2019",
                  "description": "this is the description",
                  "id": 10,
                  "section": "World",
                  "title": "news title3",
                },
                Object {
                  "author": "Jon Snow",
                  "date": "28-01-2019",
                  "description": "this is the description",
                  "id": 11,
                  "section": "World",
                  "title": "news Business",
                },
              ]
            }
          />
        </div>,
        "className": "shell",
      },
      "ref": null,
      "rendered": Object {
        "instance": null,
        "key": undefined,
        "nodeType": "host",
        "props": Object {
          "children": Array [
            <div
              className="cell-xs-12"
            >
              <div
                className="section-title"
              >
                <h3>
                  World
                </h3>
                <div
                  className="isotope-filters isotope-filters-horizontal"
                >
                  <button
                    className="isotope-filters-toggle isotope-filters-toggle-1 button"
                    data-custom-toggle="#isotope-filters"
                    data-custom-toggle-disable-on-blur="true"
                  >
                    Filter
                    <span
                      className="caret"
                    />
                  </button>
                  <WorldSectionLinks
                    changeSection={[Function]}
                  />
                </div>
              </div>
            </div>,
            <WorldSectionNews
              activeNews={
                Array [
                  Object {
                    "author": "Jon Snow",
                    "date": "28-01-2019",
                    "description": "this is the description",
                    "id": 8,
                    "section": "World",
                    "title": "news title1",
                  },
                  Object {
                    "author": "Jon Snow",
                    "date": "28-01-2019",
                    "description": "this is the description",
                    "id": 9,
                    "section": "World",
                    "title": "news title2",
                  },
                  Object {
                    "author": "Jon Snow",
                    "date": "28-01-2019",
                    "description": "this is the description",
                    "id": 10,
                    "section": "World",
                    "title": "news title3",
                  },
                  Object {
                    "author": "Jon Snow",
                    "date": "28-01-2019",
                    "description": "this is the description",
                    "id": 11,
                    "section": "World",
                    "title": "news Business",
                  },
                ]
              }
            />,
          ],
          "className": "range",
        },
        "ref": null,
        "rendered": Array [
          Object {
            "instance": null,
            "key": undefined,
            "nodeType": "host",
            "props": Object {
              "children": <div
                className="section-title"
              >
                <h3>
                  World
                </h3>
                <div
                  className="isotope-filters isotope-filters-horizontal"
                >
                  <button
                    className="isotope-filters-toggle isotope-filters-toggle-1 button"
                    data-custom-toggle="#isotope-filters"
                    data-custom-toggle-disable-on-blur="true"
                  >
                    Filter
                    <span
                      className="caret"
                    />
                  </button>
                  <WorldSectionLinks
                    changeSection={[Function]}
                  />
                </div>
              </div>,
              "className": "cell-xs-12",
            },
            "ref": null,
            "rendered": Object {
              "instance": null,
              "key": undefined,
              "nodeType": "host",
              "props": Object {
                "children": Array [
                  <h3>
                    World
                  </h3>,
                  <div
                    className="isotope-filters isotope-filters-horizontal"
                  >
                    <button
                      className="isotope-filters-toggle isotope-filters-toggle-1 button"
                      data-custom-toggle="#isotope-filters"
                      data-custom-toggle-disable-on-blur="true"
                    >
                      Filter
                      <span
                        className="caret"
                      />
                    </button>
                    <WorldSectionLinks
                      changeSection={[Function]}
                    />
                  </div>,
                ],
                "className": "section-title",
              },
              "ref": null,
              "rendered": Array [
                Object {
                  "instance": null,
                  "key": undefined,
                  "nodeType": "host",
                  "props": Object {
                    "children": "World",
                  },
                  "ref": null,
                  "rendered": "World",
                  "type": "h3",
                },
                Object {
                  "instance": null,
                  "key": undefined,
                  "nodeType": "host",
                  "props": Object {
                    "children": Array [
                      <button
                        className="isotope-filters-toggle isotope-filters-toggle-1 button"
                        data-custom-toggle="#isotope-filters"
                        data-custom-toggle-disable-on-blur="true"
                      >
                        Filter
                        <span
                          className="caret"
                        />
                      </button>,
                      <WorldSectionLinks
                        changeSection={[Function]}
                      />,
                    ],
                    "className": "isotope-filters isotope-filters-horizontal",
                  },
                  "ref": null,
                  "rendered": Array [
                    Object {
                      "instance": null,
                      "key": undefined,
                      "nodeType": "host",
                      "props": Object {
                        "children": Array [
                          "Filter",
                          <span
                            className="caret"
                          />,
                        ],
                        "className": "isotope-filters-toggle isotope-filters-toggle-1 button",
                        "data-custom-toggle": "#isotope-filters",
                        "data-custom-toggle-disable-on-blur": "true",
                      },
                      "ref": null,
                      "rendered": Array [
                        "Filter",
                        Object {
                          "instance": null,
                          "key": undefined,
                          "nodeType": "host",
                          "props": Object {
                            "className": "caret",
                          },
                          "ref": null,
                          "rendered": null,
                          "type": "span",
                        },
                      ],
                      "type": "button",
                    },
                    Object {
                      "instance": null,
                      "key": undefined,
                      "nodeType": "function",
                      "props": Object {
                        "changeSection": [Function],
                      },
                      "ref": null,
                      "rendered": null,
                      "type": [Function],
                    },
                  ],
                  "type": "div",
                },
              ],
              "type": "div",
            },
            "type": "div",
          },
          Object {
            "instance": null,
            "key": undefined,
            "nodeType": "function",
            "props": Object {
              "activeNews": Array [
                Object {
                  "author": "Jon Snow",
                  "date": "28-01-2019",
                  "description": "this is the description",
                  "id": 8,
                  "section": "World",
                  "title": "news title1",
                },
                Object {
                  "author": "Jon Snow",
                  "date": "28-01-2019",
                  "description": "this is the description",
                  "id": 9,
                  "section": "World",
                  "title": "news title2",
                },
                Object {
                  "author": "Jon Snow",
                  "date": "28-01-2019",
                  "description": "this is the description",
                  "id": 10,
                  "section": "World",
                  "title": "news title3",
                },
                Object {
                  "author": "Jon Snow",
                  "date": "28-01-2019",
                  "description": "this is the description",
                  "id": 11,
                  "section": "World",
                  "title": "news Business",
                },
              ],
            },
            "ref": null,
            "rendered": null,
            "type": [Function],
          },
        ],
        "type": "div",
      },
      "type": "div",
    },
    "type": "section",
  },
  Symbol(enzyme.__nodes__): Array [
    Object {
      "instance": null,
      "key": undefined,
      "nodeType": "host",
      "props": Object {
        "children": <div
          className="shell"
        >
          <div
            className="range"
          >
            <div
              className="cell-xs-12"
            >
              <div
                className="section-title"
              >
                <h3>
                  World
                </h3>
                <div
                  className="isotope-filters isotope-filters-horizontal"
                >
                  <button
                    className="isotope-filters-toggle isotope-filters-toggle-1 button"
                    data-custom-toggle="#isotope-filters"
                    data-custom-toggle-disable-on-blur="true"
                  >
                    Filter
                    <span
                      className="caret"
                    />
                  </button>
                  <WorldSectionLinks
                    changeSection={[Function]}
                  />
                </div>
              </div>
            </div>
            <WorldSectionNews
              activeNews={
                Array [
                  Object {
                    "author": "Jon Snow",
                    "date": "28-01-2019",
                    "description": "this is the description",
                    "id": 8,
                    "section": "World",
                    "title": "news title1",
                  },
                  Object {
                    "author": "Jon Snow",
                    "date": "28-01-2019",
                    "description": "this is the description",
                    "id": 9,
                    "section": "World",
                    "title": "news title2",
                  },
                  Object {
                    "author": "Jon Snow",
                    "date": "28-01-2019",
                    "description": "this is the description",
                    "id": 10,
                    "section": "World",
                    "title": "news title3",
                  },
                  Object {
                    "author": "Jon Snow",
                    "date": "28-01-2019",
                    "description": "this is the description",
                    "id": 11,
                    "section": "World",
                    "title": "news Business",
                  },
                ]
              }
            />
          </div>
        </div>,
        "className": "section-sm bg-white",
      },
      "ref": null,
      "rendered": Object {
        "instance": null,
        "key": undefined,
        "nodeType": "host",
        "props": Object {
          "children": <div
            className="range"
          >
            <div
              className="cell-xs-12"
            >
              <div
                className="section-title"
              >
                <h3>
                  World
                </h3>
                <div
                  className="isotope-filters isotope-filters-horizontal"
                >
                  <button
                    className="isotope-filters-toggle isotope-filters-toggle-1 button"
                    data-custom-toggle="#isotope-filters"
                    data-custom-toggle-disable-on-blur="true"
                  >
                    Filter
                    <span
                      className="caret"
                    />
                  </button>
                  <WorldSectionLinks
                    changeSection={[Function]}
                  />
                </div>
              </div>
            </div>
            <WorldSectionNews
              activeNews={
                Array [
                  Object {
                    "author": "Jon Snow",
                    "date": "28-01-2019",
                    "description": "this is the description",
                    "id": 8,
                    "section": "World",
                    "title": "news title1",
                  },
                  Object {
                    "author": "Jon Snow",
                    "date": "28-01-2019",
                    "description": "this is the description",
                    "id": 9,
                    "section": "World",
                    "title": "news title2",
                  },
                  Object {
                    "author": "Jon Snow",
                    "date": "28-01-2019",
                    "description": "this is the description",
                    "id": 10,
                    "section": "World",
                    "title": "news title3",
                  },
                  Object {
                    "author": "Jon Snow",
                    "date": "28-01-2019",
                    "description": "this is the description",
                    "id": 11,
                    "section": "World",
                    "title": "news Business",
                  },
                ]
              }
            />
          </div>,
          "className": "shell",
        },
        "ref": null,
        "rendered": Object {
          "instance": null,
          "key": undefined,
          "nodeType": "host",
          "props": Object {
            "children": Array [
              <div
                className="cell-xs-12"
              >
                <div
                  className="section-title"
                >
                  <h3>
                    World
                  </h3>
                  <div
                    className="isotope-filters isotope-filters-horizontal"
                  >
                    <button
                      className="isotope-filters-toggle isotope-filters-toggle-1 button"
                      data-custom-toggle="#isotope-filters"
                      data-custom-toggle-disable-on-blur="true"
                    >
                      Filter
                      <span
                        className="caret"
                      />
                    </button>
                    <WorldSectionLinks
                      changeSection={[Function]}
                    />
                  </div>
                </div>
              </div>,
              <WorldSectionNews
                activeNews={
                  Array [
                    Object {
                      "author": "Jon Snow",
                      "date": "28-01-2019",
                      "description": "this is the description",
                      "id": 8,
                      "section": "World",
                      "title": "news title1",
                    },
                    Object {
                      "author": "Jon Snow",
                      "date": "28-01-2019",
                      "description": "this is the description",
                      "id": 9,
                      "section": "World",
                      "title": "news title2",
                    },
                    Object {
                      "author": "Jon Snow",
                      "date": "28-01-2019",
                      "description": "this is the description",
                      "id": 10,
                      "section": "World",
                      "title": "news title3",
                    },
                    Object {
                      "author": "Jon Snow",
                      "date": "28-01-2019",
                      "description": "this is the description",
                      "id": 11,
                      "section": "World",
                      "title": "news Business",
                    },
                  ]
                }
              />,
            ],
            "className": "range",
          },
          "ref": null,
          "rendered": Array [
            Object {
              "instance": null,
              "key": undefined,
              "nodeType": "host",
              "props": Object {
                "children": <div
                  className="section-title"
                >
                  <h3>
                    World
                  </h3>
                  <div
                    className="isotope-filters isotope-filters-horizontal"
                  >
                    <button
                      className="isotope-filters-toggle isotope-filters-toggle-1 button"
                      data-custom-toggle="#isotope-filters"
                      data-custom-toggle-disable-on-blur="true"
                    >
                      Filter
                      <span
                        className="caret"
                      />
                    </button>
                    <WorldSectionLinks
                      changeSection={[Function]}
                    />
                  </div>
                </div>,
                "className": "cell-xs-12",
              },
              "ref": null,
              "rendered": Object {
                "instance": null,
                "key": undefined,
                "nodeType": "host",
                "props": Object {
                  "children": Array [
                    <h3>
                      World
                    </h3>,
                    <div
                      className="isotope-filters isotope-filters-horizontal"
                    >
                      <button
                        className="isotope-filters-toggle isotope-filters-toggle-1 button"
                        data-custom-toggle="#isotope-filters"
                        data-custom-toggle-disable-on-blur="true"
                      >
                        Filter
                        <span
                          className="caret"
                        />
                      </button>
                      <WorldSectionLinks
                        changeSection={[Function]}
                      />
                    </div>,
                  ],
                  "className": "section-title",
                },
                "ref": null,
                "rendered": Array [
                  Object {
                    "instance": null,
                    "key": undefined,
                    "nodeType": "host",
                    "props": Object {
                      "children": "World",
                    },
                    "ref": null,
                    "rendered": "World",
                    "type": "h3",
                  },
                  Object {
                    "instance": null,
                    "key": undefined,
                    "nodeType": "host",
                    "props": Object {
                      "children": Array [
                        <button
                          className="isotope-filters-toggle isotope-filters-toggle-1 button"
                          data-custom-toggle="#isotope-filters"
                          data-custom-toggle-disable-on-blur="true"
                        >
                          Filter
                          <span
                            className="caret"
                          />
                        </button>,
                        <WorldSectionLinks
                          changeSection={[Function]}
                        />,
                      ],
                      "className": "isotope-filters isotope-filters-horizontal",
                    },
                    "ref": null,
                    "rendered": Array [
                      Object {
                        "instance": null,
                        "key": undefined,
                        "nodeType": "host",
                        "props": Object {
                          "children": Array [
                            "Filter",
                            <span
                              className="caret"
                            />,
                          ],
                          "className": "isotope-filters-toggle isotope-filters-toggle-1 button",
                          "data-custom-toggle": "#isotope-filters",
                          "data-custom-toggle-disable-on-blur": "true",
                        },
                        "ref": null,
                        "rendered": Array [
                          "Filter",
                          Object {
                            "instance": null,
                            "key": undefined,
                            "nodeType": "host",
                            "props": Object {
                              "className": "caret",
                            },
                            "ref": null,
                            "rendered": null,
                            "type": "span",
                          },
                        ],
                        "type": "button",
                      },
                      Object {
                        "instance": null,
                        "key": undefined,
                        "nodeType": "function",
                        "props": Object {
                          "changeSection": [Function],
                        },
                        "ref": null,
                        "rendered": null,
                        "type": [Function],
                      },
                    ],
                    "type": "div",
                  },
                ],
                "type": "div",
              },
              "type": "div",
            },
            Object {
              "instance": null,
              "key": undefined,
              "nodeType": "function",
              "props": Object {
                "activeNews": Array [
                  Object {
                    "author": "Jon Snow",
                    "date": "28-01-2019",
                    "description": "this is the description",
                    "id": 8,
                    "section": "World",
                    "title": "news title1",
                  },
                  Object {
                    "author": "Jon Snow",
                    "date": "28-01-2019",
                    "description": "this is the description",
                    "id": 9,
                    "section": "World",
                    "title": "news title2",
                  },
                  Object {
                    "author": "Jon Snow",
                    "date": "28-01-2019",
                    "description": "this is the description",
                    "id": 10,
                    "section": "World",
                    "title": "news title3",
                  },
                  Object {
                    "author": "Jon Snow",
                    "date": "28-01-2019",
                    "description": "this is the description",
                    "id": 11,
                    "section": "World",
                    "title": "news Business",
                  },
                ],
              },
              "ref": null,
              "rendered": null,
              "type": [Function],
            },
          ],
          "type": "div",
        },
        "type": "div",
      },
      "type": "section",
    },
  ],
  Symbol(enzyme.__options__): Object {
    "adapter": ReactSixteenAdapter {
      "options": Object {
        "enableComponentDidUpdateOnSetState": true,
        "lifecycles": Object {
          "componentDidUpdate": Object {
            "onSetState": true,
          },
          "getDerivedStateFromProps": true,
          "getSnapshotBeforeUpdate": true,
          "setState": Object {
            "skipsComponentDidUpdateOnNullish": true,
          },
        },
      },
    },
  },
}
`;
